[0m10:34:58.347804 [debug] [MainThread]: Sending event: {'category': 'dbt', 'action': 'invocation', 'label': 'start', 'context': [<snowplow_tracker.self_describing_json.SelfDescribingJson object at 0x0000025BF26BF770>, <snowplow_tracker.self_describing_json.SelfDescribingJson object at 0x0000025BF4B03C50>, <snowplow_tracker.self_describing_json.SelfDescribingJson object at 0x0000025BF4B03750>]}


============================== 10:34:58.359470 | 0052008e-56ac-46ec-8dd1-7c6e1d52cdee ==============================
[0m10:34:58.359470 [info ] [MainThread]: Running with dbt=1.11.7
[0m10:34:58.361256 [debug] [MainThread]: running dbt with arguments {'static_parser': 'True', 'no_print': 'None', 'version_check': 'True', 'target_path': 'None', 'warn_error_options': 'WarnErrorOptionsV2(error=[], warn=[], silence=[])', 'printer_width': '80', 'write_json': 'True', 'empty': 'None', 'log_cache_events': 'False', 'introspect': 'True', 'cache_selected_only': 'False', 'log_format': 'default', 'debug': 'False', 'fail_fast': 'False', 'profiles_dir': 'C:\\Users\\a.patil\\.dbt', 'send_anonymous_usage_stats': 'True', 'quiet': 'False', 'warn_error': 'None', 'partial_parse': 'True', 'indirect_selection': 'eager', 'invocation_command': 'dbt init --skip-profile-setup airbnb', 'use_colors': 'True', 'use_experimental_parser': 'False', 'log_path': 'logs'}
[0m10:34:58.649352 [info ] [MainThread]: Creating dbt configuration folder at C:\Users\a.patil\.dbt
[0m10:34:58.662346 [debug] [MainThread]: Starter project path: C:\Users\a.patil\DBT\.venv\Lib\site-packages\dbt\include\starter_project
[0m10:34:58.737037 [info ] [MainThread]: 
Your new dbt project "airbnb" was created!

For more information on how to configure the profiles.yml file,
please consult the dbt documentation here:

  https://docs.getdbt.com/docs/configure-your-profile

One more thing:

Need help? Don't hesitate to reach out to us via GitHub issues or on Slack:

  https://community.getdbt.com/

Happy modeling!

[0m10:34:58.740031 [debug] [MainThread]: Command `dbt init` succeeded at 10:34:58.739706 after 0.73 seconds
[0m10:34:58.740930 [debug] [MainThread]: Sending event: {'category': 'dbt', 'action': 'invocation', 'label': 'end', 'context': [<snowplow_tracker.self_describing_json.SelfDescribingJson object at 0x0000025BF4C202B0>, <snowplow_tracker.self_describing_json.SelfDescribingJson object at 0x0000025BF4BCD490>, <snowplow_tracker.self_describing_json.SelfDescribingJson object at 0x0000025BF39CF130>]}
[0m10:34:58.741837 [debug] [MainThread]: Flushing usage events
[0m10:34:59.272782 [debug] [MainThread]: An error was encountered while trying to flush usage events
[0m11:52:30.738200 [debug] [MainThread]: Sending event: {'category': 'dbt', 'action': 'invocation', 'label': 'start', 'context': [<snowplow_tracker.self_describing_json.SelfDescribingJson object at 0x00000267CB1DF770>, <snowplow_tracker.self_describing_json.SelfDescribingJson object at 0x00000267CD61FC50>, <snowplow_tracker.self_describing_json.SelfDescribingJson object at 0x00000267CD61F750>]}


============================== 11:52:30.752178 | ef229846-5739-4336-bd2c-4c1ecd209767 ==============================
[0m11:52:30.752178 [info ] [MainThread]: Running with dbt=1.11.7
[0m11:52:30.753991 [debug] [MainThread]: running dbt with arguments {'version_check': 'True', 'no_print': 'None', 'static_parser': 'True', 'warn_error_options': 'WarnErrorOptionsV2(error=[], warn=[], silence=[])', 'target_path': 'None', 'printer_width': '80', 'write_json': 'True', 'introspect': 'True', 'log_cache_events': 'False', 'empty': 'None', 'cache_selected_only': 'False', 'log_format': 'default', 'debug': 'False', 'fail_fast': 'False', 'profiles_dir': 'C:\\Users\\a.patil\\.dbt', 'send_anonymous_usage_stats': 'True', 'quiet': 'False', 'warn_error': 'None', 'partial_parse': 'True', 'indirect_selection': 'eager', 'use_colors': 'True', 'invocation_command': 'dbt debug', 'use_experimental_parser': 'False', 'log_path': 'logs'}
[0m11:52:30.804199 [info ] [MainThread]: dbt version: 1.11.7
[0m11:52:30.805591 [info ] [MainThread]: python version: 3.13.15
[0m11:52:30.806774 [info ] [MainThread]: python path: C:\Users\a.patil\DBT\.venv\Scripts\python.exe
[0m11:52:30.807763 [info ] [MainThread]: os info: Windows-11-10.0.26200-SP0
[0m11:52:30.808772 [info ] [MainThread]: Using profiles dir at C:\Users\a.patil\.dbt
[0m11:52:30.809673 [info ] [MainThread]: Using profiles.yml file at C:\Users\a.patil\.dbt\profiles.yml
[0m11:52:30.810552 [info ] [MainThread]: Using dbt_project.yml file at C:\Users\a.patil\DBT\dbt_project.yml
[0m11:52:30.811650 [info ] [MainThread]: Configuration:
[0m11:52:30.812573 [info ] [MainThread]:   profiles.yml file [[31mERROR not found[0m]
[0m11:52:30.813396 [info ] [MainThread]:   dbt_project.yml file [[31mERROR not found[0m]
[0m11:52:30.814155 [info ] [MainThread]: Required dependencies:
[0m11:52:30.814937 [debug] [MainThread]: Executing "git --help"
[0m11:52:31.179713 [debug] [MainThread]: STDOUT: "b"usage: git [-v | --version] [-h | --help] [-C <path>] [-c <name>=<value>]\n           [--exec-path[=<path>]] [--html-path] [--man-path] [--info-path]\n           [-p | --paginate | -P | --no-pager] [--no-replace-objects] [--no-lazy-fetch]\n           [--no-optional-locks] [--no-advice] [--bare] [--git-dir=<path>]\n           [--work-tree=<path>] [--namespace=<name>] [--config-env=<name>=<envvar>]\n           <command> [<args>]\n\nThese are common Git commands used in various situations:\n\nstart a working area (see also: git help tutorial)\n   clone      Clone a repository into a new directory\n   init       Create an empty Git repository or reinitialize an existing one\n\nwork on the current change (see also: git help everyday)\n   add        Add file contents to the index\n   mv         Move or rename a file, a directory, or a symlink\n   restore    Restore working tree files\n   rm         Remove files from the working tree and from the index\n\nexamine the history and state (see also: git help revisions)\n   bisect     Use binary search to find the commit that introduced a bug\n   diff       Show changes between commits, commit and working tree, etc\n   grep       Print lines matching a pattern\n   log        Show commit logs\n   show       Show various types of objects\n   status     Show the working tree status\n\ngrow, mark and tweak your common history\n   backfill   Download missing objects in a partial clone\n   branch     List, create, or delete branches\n   commit     Record changes to the repository\n   history    EXPERIMENTAL: Rewrite history\n   merge      Join two or more development histories together\n   rebase     Reapply commits on top of another base tip\n   reset      Set `HEAD` or the index to a known state\n   switch     Switch branches\n   tag        Create, list, delete or verify tags\n\ncollaborate (see also: git help workflows)\n   fetch      Download objects and refs from another repository\n   pull       Fetch from and integrate with another repository or a local branch\n   push       Update remote refs along with associated objects\n\n'git help -a' and 'git help -g' list available subcommands and some\nconcept guides. See 'git help <command>' or 'git help <concept>'\nto read about a specific subcommand or concept.\nSee 'git help git' for an overview of the system.\n""
[0m11:52:31.180909 [debug] [MainThread]: STDERR: "b''"
[0m11:52:31.181974 [info ] [MainThread]:  - git [[32mOK found[0m]

[0m11:52:31.183196 [info ] [MainThread]: Connection test skipped since no profile was found
[0m11:52:31.184519 [info ] [MainThread]: [31m2 checks failed:[0m
[0m11:52:31.185652 [info ] [MainThread]: dbt looked for a profiles.yml file in C:\Users\a.patil\.dbt\profiles.yml, but did
not find one. For more information on configuring your profile, consult the
documentation:

https://docs.getdbt.com/docs/configure-your-profile


[0m11:52:31.186817 [info ] [MainThread]: Project loading failed for the following reason:
 project path <C:\Users\a.patil\DBT\dbt_project.yml> not found

[0m11:52:31.190290 [debug] [MainThread]: Command `dbt debug` failed at 11:52:31.189820 after 0.85 seconds
[0m11:52:31.191894 [debug] [MainThread]: Sending event: {'category': 'dbt', 'action': 'invocation', 'label': 'end', 'context': [<snowplow_tracker.self_describing_json.SelfDescribingJson object at 0x00000267CD6376F0>, <snowplow_tracker.self_describing_json.SelfDescribingJson object at 0x00000267CD68CA70>, <snowplow_tracker.self_describing_json.SelfDescribingJson object at 0x00000267CC4EF790>]}
[0m11:52:31.193016 [debug] [MainThread]: Flushing usage events
[0m11:52:31.761483 [debug] [MainThread]: An error was encountered while trying to flush usage events
